{"level":"info","message":"Get request received","service":"user-service","userId":"user_31T2yCdYbRaKokACyO8JKMea80i"}
{"level":"info","message":"Get request received","service":"user-service","userId":null}
{"level":"info","message":"User is not authorized","service":"user-service","userId":null}
